stack overflow, try to reduce recursion, or set --max-stack to bigger value
    field <x> manifestification
    field <x> manifestification
    field <x> manifestification
    field <x> manifestification
    field <x> manifestification
    field <x> manifestification
    field <x> manifestification
    field <x> manifestification
    field <x> manifestification
    field <x> manifestification
    field <x> manifestification
    field <x> manifestification
    field <x> manifestification
    field <x> manifestification
    field <x> manifestification
    field <x> manifestification
    field <x> manifestification
    field <x> manifestification
    field <x> manifestification
    field <x> manifestification
    field <x> manifestification
    field <x> manifestification
    field <x> manifestification
    field <x> manifestification
    field <x> manifestification
    field <x> manifestification
    field <x> manifestification
    field <x> manifestification
    field <x> manifestification
    field <x> manifestification
    field <x> manifestification
    field <x> manifestification
    field <x> manifestification
    field <x> manifestification
    field <x> manifestification
    field <x> manifestification
    field <x> manifestification
    field <x> manifestification
    field <x> manifestification
    field <x> manifestification
    field <x> manifestification
    field <x> manifestification
    field <x> manifestification
    field <x> manifestification
    field <x> manifestification
    field <x> manifestification
    field <x> manifestification
    field <x> manifestification
    field <x> manifestification
    field <x> manifestification
    field <x> manifestification
    field <x> manifestification
    field <x> manifestification
    field <x> manifestification
    field <x> manifestification
    field <x> manifestification
    field <x> manifestification
    field <x> manifestification
    field <x> manifestification
    field <x> manifestification
    field <x> manifestification
    field <x> manifestification
    field <x> manifestification
    field <x> manifestification
    field <x> manifestification
    field <x> manifestification
    field <x> manifestification
    field <x> manifestification
    field <x> manifestification
    field <x> manifestification
    field <x> manifestification
    field <x> manifestification
    field <x> manifestification
    field <x> manifestification
    field <x> manifestification
    field <x> manifestification
    field <x> manifestification
    field <x> manifestification
    field <x> manifestification
    field <x> manifestification
    field <x> manifestification
    field <x> manifestification
    field <x> manifestification
    field <x> manifestification
    field <x> manifestification
    field <x> manifestification
    field <x> manifestification
    field <x> manifestification
    field <x> manifestification
    field <x> manifestification
    field <x> manifestification
    field <x> manifestification
    field <x> manifestification
    field <x> manifestification
    field <x> manifestification
    field <x> manifestification
    field <x> manifestification
    field <x> manifestification
    field <x> manifestification
    field <x> manifestification
    field <x> manifestification
    field <x> manifestification
    field <x> manifestification
    field <x> manifestification
    field <x> manifestification
    field <x> manifestification
    field <x> manifestification
    field <x> manifestification
    field <x> manifestification
    field <x> manifestification
    field <x> manifestification
    field <x> manifestification
    field <x> manifestification
    field <x> manifestification
    field <x> manifestification
    field <x> manifestification
    field <x> manifestification
    field <x> manifestification
    field <x> manifestification
    field <x> manifestification
    field <x> manifestification
    field <x> manifestification
    field <x> manifestification
    field <x> manifestification
    field <x> manifestification
    field <x> manifestification
    field <x> manifestification
    field <x> manifestification
    field <x> manifestification
    field <x> manifestification
    field <x> manifestification
    field <x> manifestification
    field <x> manifestification
    field <x> manifestification
    field <x> manifestification
    field <x> manifestification
    field <x> manifestification
    field <x> manifestification
    field <x> manifestification
    field <x> manifestification
    field <x> manifestification
    field <x> manifestification
    field <x> manifestification
    field <x> manifestification
    field <x> manifestification
    field <x> manifestification
    field <x> manifestification
    field <x> manifestification
    field <x> manifestification
    field <x> manifestification
    field <x> manifestification
    field <x> manifestification
    field <x> manifestification
    field <x> manifestification
    field <x> manifestification
    field <x> manifestification
    field <x> manifestification
    field <x> manifestification
    field <x> manifestification
    field <x> manifestification
    field <x> manifestification
    field <x> manifestification
    field <x> manifestification
    field <x> manifestification
    field <x> manifestification
    field <x> manifestification
    field <x> manifestification
    field <x> manifestification
    field <x> manifestification
    field <x> manifestification
    field <x> manifestification
    field <x> manifestification
    field <x> manifestification
    field <x> manifestification
    field <x> manifestification
    field <x> manifestification
    field <x> manifestification
    field <x> manifestification
    field <x> manifestification
    field <x> manifestification
    field <x> manifestification
    field <x> manifestification
    field <x> manifestification
    field <x> manifestification
    field <x> manifestification
    field <x> manifestification
    field <x> manifestification
    field <x> manifestification
    field <x> manifestification
    field <x> manifestification
    field <x> manifestification
    field <x> manifestification
    field <x> manifestification
    field <x> manifestification
    field <x> manifestification
    field <x> manifestification
    field <x> manifestification
    field <x> manifestification
    field <x> manifestification
    field <x> manifestification