type error: expected array, got string
    argument <a> evaluation
    error.invariant.option.jsonnet:19:21-56: function <builtin_set_inter> call
    argument <x> evaluation
    error.invariant.option.jsonnet:19:10-57: function <builtin_length> call
    error.invariant.option.jsonnet:19:10-61: assertion condition