stack overflow, try to reduce recursion, or set --max-stack to bigger value
    error.recursive_function_nonterm.jsonnet:18:3-8: function <f> call
    error.recursive_function_nonterm.jsonnet:18:3-8: function <f> call
    error.recursive_function_nonterm.jsonnet:18:3-8: function <f> call
    error.recursive_function_nonterm.jsonnet:18:3-8: function <f> call
    error.recursive_function_nonterm.jsonnet:18:3-8: function <f> call
    error.recursive_function_nonterm.jsonnet:18:3-8: function <f> call
    error.recursive_function_nonterm.jsonnet:18:3-8: function <f> call
    error.recursive_function_nonterm.jsonnet:18:3-8: function <f> call
    error.recursive_function_nonterm.jsonnet:18:3-8: function <f> call
    error.recursive_function_nonterm.jsonnet:18:3-8: function <f> call
    error.recursive_function_nonterm.jsonnet:18:3-8: function <f> call
    error.recursive_function_nonterm.jsonnet:18:3-8: function <f> call
    error.recursive_function_nonterm.jsonnet:18:3-8: function <f> call
    error.recursive_function_nonterm.jsonnet:18:3-8: function <f> call
    error.recursive_function_nonterm.jsonnet:18:3-8: function <f> call
    error.recursive_function_nonterm.jsonnet:18:3-8: function <f> call
    error.recursive_function_nonterm.jsonnet:18:3-8: function <f> call
    error.recursive_function_nonterm.jsonnet:18:3-8: function <f> call
    error.recursive_function_nonterm.jsonnet:18:3-8: function <f> call
    error.recursive_function_nonterm.jsonnet:18:3-8: function <f> call
    error.recursive_function_nonterm.jsonnet:18:3-8: function <f> call
    error.recursive_function_nonterm.jsonnet:18:3-8: function <f> call
    error.recursive_function_nonterm.jsonnet:18:3-8: function <f> call
    error.recursive_function_nonterm.jsonnet:18:3-8: function <f> call
    error.recursive_function_nonterm.jsonnet:18:3-8: function <f> call
    error.recursive_function_nonterm.jsonnet:18:3-8: function <f> call
    error.recursive_function_nonterm.jsonnet:18:3-8: function <f> call
    error.recursive_function_nonterm.jsonnet:18:3-8: function <f> call
    error.recursive_function_nonterm.jsonnet:18:3-8: function <f> call
    error.recursive_function_nonterm.jsonnet:18:3-8: function <f> call
    error.recursive_function_nonterm.jsonnet:18:3-8: function <f> call
    error.recursive_function_nonterm.jsonnet:18:3-8: function <f> call
    error.recursive_function_nonterm.jsonnet:18:3-8: function <f> call
    error.recursive_function_nonterm.jsonnet:18:3-8: function <f> call
    error.recursive_function_nonterm.jsonnet:18:3-8: function <f> call
    error.recursive_function_nonterm.jsonnet:18:3-8: function <f> call
    error.recursive_function_nonterm.jsonnet:18:3-8: function <f> call
    error.recursive_function_nonterm.jsonnet:18:3-8: function <f> call
    error.recursive_function_nonterm.jsonnet:18:3-8: function <f> call
    error.recursive_function_nonterm.jsonnet:18:3-8: function <f> call
    error.recursive_function_nonterm.jsonnet:18:3-8: function <f> call
    error.recursive_function_nonterm.jsonnet:18:3-8: function <f> call
    error.recursive_function_nonterm.jsonnet:18:3-8: function <f> call
    error.recursive_function_nonterm.jsonnet:18:3-8: function <f> call
    error.recursive_function_nonterm.jsonnet:18:3-8: function <f> call
    error.recursive_function_nonterm.jsonnet:18:3-8: function <f> call
    error.recursive_function_nonterm.jsonnet:18:3-8: function <f> call
    error.recursive_function_nonterm.jsonnet:18:3-8: function <f> call
    error.recursive_function_nonterm.jsonnet:18:3-8: function <f> call
    error.recursive_function_nonterm.jsonnet:18:3-8: function <f> call
    error.recursive_function_nonterm.jsonnet:18:3-8: function <f> call
    error.recursive_function_nonterm.jsonnet:18:3-8: function <f> call
    error.recursive_function_nonterm.jsonnet:18:3-8: function <f> call
    error.recursive_function_nonterm.jsonnet:18:3-8: function <f> call
    error.recursive_function_nonterm.jsonnet:18:3-8: function <f> call
    error.recursive_function_nonterm.jsonnet:18:3-8: function <f> call
    error.recursive_function_nonterm.jsonnet:18:3-8: function <f> call
    error.recursive_function_nonterm.jsonnet:18:3-8: function <f> call
    error.recursive_function_nonterm.jsonnet:18:3-8: function <f> call
    error.recursive_function_nonterm.jsonnet:18:3-8: function <f> call
    error.recursive_function_nonterm.jsonnet:18:3-8: function <f> call
    error.recursive_function_nonterm.jsonnet:18:3-8: function <f> call
    error.recursive_function_nonterm.jsonnet:18:3-8: function <f> call
    error.recursive_function_nonterm.jsonnet:18:3-8: function <f> call
    error.recursive_function_nonterm.jsonnet:18:3-8: function <f> call
    error.recursive_function_nonterm.jsonnet:18:3-8: function <f> call
    error.recursive_function_nonterm.jsonnet:18:3-8: function <f> call
    error.recursive_function_nonterm.jsonnet:18:3-8: function <f> call
    error.recursive_function_nonterm.jsonnet:18:3-8: function <f> call
    error.recursive_function_nonterm.jsonnet:18:3-8: function <f> call
    error.recursive_function_nonterm.jsonnet:18:3-8: function <f> call
    error.recursive_function_nonterm.jsonnet:18:3-8: function <f> call
    error.recursive_function_nonterm.jsonnet:18:3-8: function <f> call
    error.recursive_function_nonterm.jsonnet:18:3-8: function <f> call
    error.recursive_function_nonterm.jsonnet:18:3-8: function <f> call
    error.recursive_function_nonterm.jsonnet:18:3-8: function <f> call
    error.recursive_function_nonterm.jsonnet:18:3-8: function <f> call
    error.recursive_function_nonterm.jsonnet:18:3-8: function <f> call
    error.recursive_function_nonterm.jsonnet:18:3-8: function <f> call
    error.recursive_function_nonterm.jsonnet:18:3-8: function <f> call
    error.recursive_function_nonterm.jsonnet:18:3-8: function <f> call
    error.recursive_function_nonterm.jsonnet:18:3-8: function <f> call
    error.recursive_function_nonterm.jsonnet:18:3-8: function <f> call
    error.recursive_function_nonterm.jsonnet:18:3-8: function <f> call
    error.recursive_function_nonterm.jsonnet:18:3-8: function <f> call
    error.recursive_function_nonterm.jsonnet:18:3-8: function <f> call
    error.recursive_function_nonterm.jsonnet:18:3-8: function <f> call
    error.recursive_function_nonterm.jsonnet:18:3-8: function <f> call
    error.recursive_function_nonterm.jsonnet:18:3-8: function <f> call
    error.recursive_function_nonterm.jsonnet:18:3-8: function <f> call
    error.recursive_function_nonterm.jsonnet:18:3-8: function <f> call
    error.recursive_function_nonterm.jsonnet:18:3-8: function <f> call
    error.recursive_function_nonterm.jsonnet:18:3-8: function <f> call
    error.recursive_function_nonterm.jsonnet:18:3-8: function <f> call
    error.recursive_function_nonterm.jsonnet:18:3-8: function <f> call
    error.recursive_function_nonterm.jsonnet:18:3-8: function <f> call
    error.recursive_function_nonterm.jsonnet:18:3-8: function <f> call
    error.recursive_function_nonterm.jsonnet:18:3-8: function <f> call
    error.recursive_function_nonterm.jsonnet:18:3-8: function <f> call
    error.recursive_function_nonterm.jsonnet:18:3-8: function <f> call
    error.recursive_function_nonterm.jsonnet:18:3-8: function <f> call
    error.recursive_function_nonterm.jsonnet:18:3-8: function <f> call
    error.recursive_function_nonterm.jsonnet:18:3-8: function <f> call
    error.recursive_function_nonterm.jsonnet:18:3-8: function <f> call
    error.recursive_function_nonterm.jsonnet:18:3-8: function <f> call
    error.recursive_function_nonterm.jsonnet:18:3-8: function <f> call
    error.recursive_function_nonterm.jsonnet:18:3-8: function <f> call
    error.recursive_function_nonterm.jsonnet:18:3-8: function <f> call
    error.recursive_function_nonterm.jsonnet:18:3-8: function <f> call
    error.recursive_function_nonterm.jsonnet:18:3-8: function <f> call
    error.recursive_function_nonterm.jsonnet:18:3-8: function <f> call
    error.recursive_function_nonterm.jsonnet:18:3-8: function <f> call
    error.recursive_function_nonterm.jsonnet:18:3-8: function <f> call
    error.recursive_function_nonterm.jsonnet:18:3-8: function <f> call
    error.recursive_function_nonterm.jsonnet:18:3-8: function <f> call
    error.recursive_function_nonterm.jsonnet:18:3-8: function <f> call
    error.recursive_function_nonterm.jsonnet:18:3-8: function <f> call
    error.recursive_function_nonterm.jsonnet:18:3-8: function <f> call
    error.recursive_function_nonterm.jsonnet:18:3-8: function <f> call
    error.recursive_function_nonterm.jsonnet:18:3-8: function <f> call
    error.recursive_function_nonterm.jsonnet:18:3-8: function <f> call
    error.recursive_function_nonterm.jsonnet:18:3-8: function <f> call
    error.recursive_function_nonterm.jsonnet:18:3-8: function <f> call
    error.recursive_function_nonterm.jsonnet:18:3-8: function <f> call
    error.recursive_function_nonterm.jsonnet:18:3-8: function <f> call
    error.recursive_function_nonterm.jsonnet:18:3-8: function <f> call
    error.recursive_function_nonterm.jsonnet:18:3-8: function <f> call
    error.recursive_function_nonterm.jsonnet:18:3-8: function <f> call
    error.recursive_function_nonterm.jsonnet:18:3-8: function <f> call
    error.recursive_function_nonterm.jsonnet:18:3-8: function <f> call
    error.recursive_function_nonterm.jsonnet:18:3-8: function <f> call
    error.recursive_function_nonterm.jsonnet:18:3-8: function <f> call
    error.recursive_function_nonterm.jsonnet:18:3-8: function <f> call
    error.recursive_function_nonterm.jsonnet:18:3-8: function <f> call
    error.recursive_function_nonterm.jsonnet:18:3-8: function <f> call
    error.recursive_function_nonterm.jsonnet:18:3-8: function <f> call
    error.recursive_function_nonterm.jsonnet:18:3-8: function <f> call
    error.recursive_function_nonterm.jsonnet:18:3-8: function <f> call
    error.recursive_function_nonterm.jsonnet:18:3-8: function <f> call
    error.recursive_function_nonterm.jsonnet:18:3-8: function <f> call
    error.recursive_function_nonterm.jsonnet:18:3-8: function <f> call
    error.recursive_function_nonterm.jsonnet:18:3-8: function <f> call
    error.recursive_function_nonterm.jsonnet:18:3-8: function <f> call
    error.recursive_function_nonterm.jsonnet:18:3-8: function <f> call
    error.recursive_function_nonterm.jsonnet:18:3-8: function <f> call
    error.recursive_function_nonterm.jsonnet:18:3-8: function <f> call
    error.recursive_function_nonterm.jsonnet:18:3-8: function <f> call
    error.recursive_function_nonterm.jsonnet:18:3-8: function <f> call
    error.recursive_function_nonterm.jsonnet:18:3-8: function <f> call
    error.recursive_function_nonterm.jsonnet:18:3-8: function <f> call
    error.recursive_function_nonterm.jsonnet:18:3-8: function <f> call
    error.recursive_function_nonterm.jsonnet:18:3-8: function <f> call
    error.recursive_function_nonterm.jsonnet:18:3-8: function <f> call
    error.recursive_function_nonterm.jsonnet:18:3-8: function <f> call
    error.recursive_function_nonterm.jsonnet:18:3-8: function <f> call
    error.recursive_function_nonterm.jsonnet:18:3-8: function <f> call
    error.recursive_function_nonterm.jsonnet:18:3-8: function <f> call
    error.recursive_function_nonterm.jsonnet:18:3-8: function <f> call
    error.recursive_function_nonterm.jsonnet:18:3-8: function <f> call
    error.recursive_function_nonterm.jsonnet:18:3-8: function <f> call
    error.recursive_function_nonterm.jsonnet:18:3-8: function <f> call
    error.recursive_function_nonterm.jsonnet:18:3-8: function <f> call
    error.recursive_function_nonterm.jsonnet:18:3-8: function <f> call
    error.recursive_function_nonterm.jsonnet:18:3-8: function <f> call
    error.recursive_function_nonterm.jsonnet:18:3-8: function <f> call
    error.recursive_function_nonterm.jsonnet:18:3-8: function <f> call
    error.recursive_function_nonterm.jsonnet:18:3-8: function <f> call
    error.recursive_function_nonterm.jsonnet:18:3-8: function <f> call
    error.recursive_function_nonterm.jsonnet:18:3-8: function <f> call
    error.recursive_function_nonterm.jsonnet:18:3-8: function <f> call
    error.recursive_function_nonterm.jsonnet:18:3-8: function <f> call
    error.recursive_function_nonterm.jsonnet:18:3-8: function <f> call
    error.recursive_function_nonterm.jsonnet:18:3-8: function <f> call
    error.recursive_function_nonterm.jsonnet:18:3-8: function <f> call
    error.recursive_function_nonterm.jsonnet:18:3-8: function <f> call
    error.recursive_function_nonterm.jsonnet:18:3-8: function <f> call
    error.recursive_function_nonterm.jsonnet:18:3-8: function <f> call
    error.recursive_function_nonterm.jsonnet:18:3-8: function <f> call
    error.recursive_function_nonterm.jsonnet:18:3-8: function <f> call
    error.recursive_function_nonterm.jsonnet:18:3-8: function <f> call
    error.recursive_function_nonterm.jsonnet:18:3-8: function <f> call
    error.recursive_function_nonterm.jsonnet:18:3-8: function <f> call
    error.recursive_function_nonterm.jsonnet:18:3-8: function <f> call
    error.recursive_function_nonterm.jsonnet:18:3-8: function <f> call
    error.recursive_function_nonterm.jsonnet:18:3-8: function <f> call
    error.recursive_function_nonterm.jsonnet:18:3-8: function <f> call
    error.recursive_function_nonterm.jsonnet:18:3-8: function <f> call
    error.recursive_function_nonterm.jsonnet:18:3-8: function <f> call
    error.recursive_function_nonterm.jsonnet:18:3-8: function <f> call
    error.recursive_function_nonterm.jsonnet:18:3-8: function <f> call
    error.recursive_function_nonterm.jsonnet:18:3-8: function <f> call
    error.recursive_function_nonterm.jsonnet:18:3-8: function <f> call
    error.recursive_function_nonterm.jsonnet:18:3-8: function <f> call
    error.recursive_function_nonterm.jsonnet:18:3-8: function <f> call
    error.recursive_function_nonterm.jsonnet:18:3-8: function <f> call
    error.recursive_function_nonterm.jsonnet:18:3-8: function <f> call
    error.recursive_function_nonterm.jsonnet:18:3-8: function <f> call
    error.recursive_function_nonterm.jsonnet:18:3-8: function <f> call
    error.recursive_function_nonterm.jsonnet:18:3-8: function <f> call
    error.recursive_function_nonterm.jsonnet:20:1-7: function <f> call