stack overflow, try to reduce recursion, or set --max-stack to bigger value
    elem <0> manifestification
    elem <0> manifestification
    elem <0> manifestification
    elem <0> manifestification
    elem <0> manifestification
    elem <0> manifestification
    elem <0> manifestification
    elem <0> manifestification
    elem <0> manifestification
    elem <0> manifestification
    elem <0> manifestification
    elem <0> manifestification
    elem <0> manifestification
    elem <0> manifestification
    elem <0> manifestification
    elem <0> manifestification
    elem <0> manifestification
    elem <0> manifestification
    elem <0> manifestification
    elem <0> manifestification
    elem <0> manifestification
    elem <0> manifestification
    elem <0> manifestification
    elem <0> manifestification
    elem <0> manifestification
    elem <0> manifestification
    elem <0> manifestification
    elem <0> manifestification
    elem <0> manifestification
    elem <0> manifestification
    elem <0> manifestification
    elem <0> manifestification
    elem <0> manifestification
    elem <0> manifestification
    elem <0> manifestification
    elem <0> manifestification
    elem <0> manifestification
    elem <0> manifestification
    elem <0> manifestification
    elem <0> manifestification
    elem <0> manifestification
    elem <0> manifestification
    elem <0> manifestification
    elem <0> manifestification
    elem <0> manifestification
    elem <0> manifestification
    elem <0> manifestification
    elem <0> manifestification
    elem <0> manifestification
    elem <0> manifestification
    elem <0> manifestification
    elem <0> manifestification
    elem <0> manifestification
    elem <0> manifestification
    elem <0> manifestification
    elem <0> manifestification
    elem <0> manifestification
    elem <0> manifestification
    elem <0> manifestification
    elem <0> manifestification
    elem <0> manifestification
    elem <0> manifestification
    elem <0> manifestification
    elem <0> manifestification
    elem <0> manifestification
    elem <0> manifestification
    elem <0> manifestification
    elem <0> manifestification
    elem <0> manifestification
    elem <0> manifestification
    elem <0> manifestification
    elem <0> manifestification
    elem <0> manifestification
    elem <0> manifestification
    elem <0> manifestification
    elem <0> manifestification
    elem <0> manifestification
    elem <0> manifestification
    elem <0> manifestification
    elem <0> manifestification
    elem <0> manifestification
    elem <0> manifestification
    elem <0> manifestification
    elem <0> manifestification
    elem <0> manifestification
    elem <0> manifestification
    elem <0> manifestification
    elem <0> manifestification
    elem <0> manifestification
    elem <0> manifestification
    elem <0> manifestification
    elem <0> manifestification
    elem <0> manifestification
    elem <0> manifestification
    elem <0> manifestification
    elem <0> manifestification
    elem <0> manifestification
    elem <0> manifestification
    elem <0> manifestification
    elem <0> manifestification
    elem <0> manifestification
    elem <0> manifestification
    elem <0> manifestification
    elem <0> manifestification
    elem <0> manifestification
    elem <0> manifestification
    elem <0> manifestification
    elem <0> manifestification
    elem <0> manifestification
    elem <0> manifestification
    elem <0> manifestification
    elem <0> manifestification
    elem <0> manifestification
    elem <0> manifestification
    elem <0> manifestification
    elem <0> manifestification
    elem <0> manifestification
    elem <0> manifestification
    elem <0> manifestification
    elem <0> manifestification
    elem <0> manifestification
    elem <0> manifestification
    elem <0> manifestification
    elem <0> manifestification
    elem <0> manifestification
    elem <0> manifestification
    elem <0> manifestification
    elem <0> manifestification
    elem <0> manifestification
    elem <0> manifestification
    elem <0> manifestification
    elem <0> manifestification
    elem <0> manifestification
    elem <0> manifestification
    elem <0> manifestification
    elem <0> manifestification
    elem <0> manifestification
    elem <0> manifestification
    elem <0> manifestification
    elem <0> manifestification
    elem <0> manifestification
    elem <0> manifestification
    elem <0> manifestification
    elem <0> manifestification
    elem <0> manifestification
    elem <0> manifestification
    elem <0> manifestification
    elem <0> manifestification
    elem <0> manifestification
    elem <0> manifestification
    elem <0> manifestification
    elem <0> manifestification
    elem <0> manifestification
    elem <0> manifestification
    elem <0> manifestification
    elem <0> manifestification
    elem <0> manifestification
    elem <0> manifestification
    elem <0> manifestification
    elem <0> manifestification
    elem <0> manifestification
    elem <0> manifestification
    elem <0> manifestification
    elem <0> manifestification
    elem <0> manifestification
    elem <0> manifestification
    elem <0> manifestification
    elem <0> manifestification
    elem <0> manifestification
    elem <0> manifestification
    elem <0> manifestification
    elem <0> manifestification
    elem <0> manifestification
    elem <0> manifestification
    elem <0> manifestification
    elem <0> manifestification
    elem <0> manifestification
    elem <0> manifestification
    elem <0> manifestification
    elem <0> manifestification
    elem <0> manifestification
    elem <0> manifestification
    elem <0> manifestification
    elem <0> manifestification
    elem <0> manifestification
    elem <0> manifestification
    elem <0> manifestification
    elem <0> manifestification
    elem <0> manifestification
    elem <0> manifestification
    elem <0> manifestification
    elem <0> manifestification
    elem <0> manifestification
    elem <0> manifestification
    elem <0> manifestification
    elem <0> manifestification
    elem <0> manifestification
    elem <0> manifestification
    elem <0> manifestification
    elem <0> manifestification