apiVersion: apps/v1
kind: Deployment
metadata:
  labels:
    tanka.dev/environment: ed7c0ce61e6c3d2e1b0fe0fa447a73bd05135d973c538ea4
  name: flagger-prod-region-3
  namespace: flagger
spec:
  replicas: 1
  selector:
    matchLabels:
      app: flagger
  template:
    metadata:
      labels:
        app: flagger
    spec:
      containers:
      - image: flagger:latest
        name: flagger
