---
source: crates/jrsonnet-parser/src/lib.rs
expression: "parsep(\"local x(foo = 'foo', bar) = null; null\")"
---
LocalExpr(
    [
        Function {
            name: "x",
            params: ExprParams {
                exprs: [
                    ExprParam {
                        destruct: Full(
                            "foo",
                        ),
                        default: Some(
                            Str(
                                "foo",
                            ) from virtual:<test>:14-19,
                        ),
                    },
                    ExprParam {
                        destruct: Full(
                            "bar",
                        ),
                        default: None,
                    },
                ],
                signature: FunctionSignature(
                    [
                        ParamParse {
                            name: Named(
                                "foo",
                            ),
                            default: Exists,
                        },
                        ParamParse {
                            name: Named(
                                "bar",
                            ),
                            default: None,
                        },
                    ],
                ),
                binds_len: 2,
            },
            value: Literal(
                Null,
            ) from virtual:<test>:28-32,
        },
    ],
    Literal(
        Null,
    ) from virtual:<test>:34-38,
) from virtual:<test>:0-38
