---
source: crates/jrsonnet-parser/src/lib.rs
expression: "parsep(\"local x(foo = 'foo', bar) = null; null\")"
---
LocalExpr(
    [
        Function {
            name: "x",
            params: ParamsDesc(
                [
                    Param(
                        Full(
                            "foo",
                        ),
                        Some(
                            Str(
                                "foo",
                            ) from virtual:<test>:14-19,
                        ),
                    ),
                    Param(
                        Full(
                            "bar",
                        ),
                        None,
                    ),
                ],
            ),
            value: Literal(
                Null,
            ) from virtual:<test>:28-32,
        },
    ],
    Literal(
        Null,
    ) from virtual:<test>:34-38,
) from virtual:<test>:0-38
