apiVersion: v1
data:
  overrides.yaml: |
    tenant_limits:
        max_samples: 1.5e+06
        max_series: 3.3333333333333335e+06
        small_value: 999999
kind: ConfigMap
metadata:
  annotations:
    kustomize.toolkit.fluxcd.io/reconcile: disabled
    kustomize.toolkit.fluxcd.io/reconcile-disabled-by: platform-federal
    kustomize.toolkit.fluxcd.io/reconcile-disabled-reason: Ignored with the withFluxIgnore
      jsonnet utility. Flux not running in federal clusters
  name: overrides
  namespace: default
