apiVersion: v1
data:
  envoy.yaml: |
    static_resources:
        listeners:
            - filter_chains:
                - filters:
                    - typed_config:
                        '@type': type.googleapis.com/envoy.extensions.filters.network.http_connection_manager.v3.HttpConnectionManager
                        http_filters:
                            - typed_config:
                                '@type': type.googleapis.com/envoy.extensions.filters.http.router.v3.Router
kind: ConfigMap
metadata:
  annotations:
    kustomize.toolkit.fluxcd.io/reconcile: disabled
    kustomize.toolkit.fluxcd.io/reconcile-disabled-by: platform-federal
    kustomize.toolkit.fluxcd.io/reconcile-disabled-reason: Ignored with the withFluxIgnore
      jsonnet utility. Flux not running in federal clusters
  name: envoy-config
  namespace: default
