apiVersion: v1
kind: Service
metadata:
  annotations:
    kustomize.toolkit.fluxcd.io/reconcile: disabled
    kustomize.toolkit.fluxcd.io/reconcile-disabled-by: platform-federal
    kustomize.toolkit.fluxcd.io/reconcile-disabled-reason: Ignored with the withFluxIgnore
      jsonnet utility. Flux not running in federal clusters
  labels:
    app: myrelease
  name: myrelease-service
  namespace: default
spec:
  ports:
  - name: http
    port: 8080
    protocol: TCP
    targetPort: 80
  selector:
    app: myrelease
  type: ClusterIP
