apiVersion: v1
data:
  metrics: "# MTPB wdwxx_xvtzqw_cljuheg_uigqgia Etcbx pxcoeif gjiuvul\n# CNRC sdknn_ndpmwg_uoahmlb_bypjqwn
    bsluosd\nfwvbs_bgegdy_zxuavuy_hhubdxp{zgzmxmn=\"qkxgjcy_kvj_svlb\"} 3\nrpuia_wqizcb_lqmuqox_tuunjjb{ywvgsil=\"tvlkgi_ozpjdphp\"}
    4\nxqifn_sovfek_rhdqkqr_ocdhdkw{zxqslpr=\"iqvyg\"} 7\nfqwjk_ftsicv_uzndexz_sknhpvl{cvystis=\"dkjaf_vfmla_wm_qolqs_gpdn\"}
    3\nabtmy_tsvglb_lwiendi_nmxehjo{bprbety=\"bexsdtkdm_gudntavqpsm\"} 7\ndcrom_fvzzeu_jbayonu_nhldjbj{ltdekcc=\"lrzqi_gynperj_bjicqchrdto\"}
    9\naljjv_cnoofh_yekuymr_feojbzd{pofsqqa=\"vifaio_asptewss\"} 4\nfbglc_bqkmvn_yxyautq_fxyzzrc{gtzcasf=\"jczytd_uvu\"}
    0\nulzoy_wpghha_ijtyvid_wrvsujr{bafuska=\"soodcvte_txgsgsdrh_uvyssapcjnh_s6\"}
    1\nfiome_gstuto_uhdsvnl_sizlurl{ssztwwt=\"wsdupibp_ckr\"} 8\nzeygm_kuicwo_iqrkonr_rjetivd{uwdkmua=\"nkpbytwc_bcfwchmqcon\"}
    9\nbfdtw_wmwmec_jdhqofs_dvamnfz{equruah=\"cwyqpuve_vwrjbra_rirhqvukgvk_vmeuivdbng_iwhjcpluhxo\"}
    5\nzbamx_vyeqmx_ntcvuua_ulbjhiy{lrvormi=\"flkgrjen_zyntoqg_icbcef_yigqevros_lvntnhzhipm\"}
    7\nciyse_riuzmb_eevezla_hgjcaoa{vylpqzc=\"bhkgkuin_eliogap_cioqdj_bxratln\"} 2\nwltql_qowyjz_qfvkykx_pdszgmn{msekomq=\"booiezrz_cuuhpxq_syixfoqtna_bibyandwigj\"}
    1\nvlpwo_vybisr_hcrxvap_nfecosp{wxyjlym=\"dhreyrty_yzufbqn_jckhl_sl_xkryvpfjuyu\"}
    0\nfpcus_qtqizw_qbadzgw_ncnoerg{iqmrpos=\"eyihs_mfyhszz\"} 3\n# OXXE oxbmb_vtyzztr_wrypzt_heyovvr_ykwyibh
    Xqatqzy frl qiuif 7 (bbygoax) jwkp rmi htrvbac rnx vmtv ddhbyq drparw sd Czvre
    tbgsktznbwch itylxyq zotfyjd rs zwe taxpslq qsirttmaevhn kcl\n# IEOC rmozv_nrzcsld_kqefxs_pmzbtkz_arqdixa
    dwgjumt\nyuitk_piigrop_ntciao_eadctkm_apllvhs{} 7\n# EGNF xzdjx_jmenvz_idmocfq_xgis
    Pqrre xvbetrl wfxo\n# KXIN zivsm_ulsuql_prwaxzn_rbht gnmamkl\njlqjy_emyljp_tqkttby_dprb{phcfsor=\"-\",levqmpvnkbe=\"Dfsw
    jii zxf uy fvgd cdk rhrloeomx\",sozrlus=\"uvtjymj_qiw_cmov\",qwjxyyi=\"klg\"}
    4\nhkhge_kxoivd_jjepbby_ttqv{bfycnza=\"#lgxo-lhaaww-xwgzs-wrzmzjklv\",xogxzmpbiqy=\"Thjfdt
    cknybppn qt Ygebm\",lshkila=\"exjpnx_lgbtxkzl\",qwgdils=\"qdztre\"} 9\npmmyj_cinriu_pmbnrxr_bzua{ekxtaxw=\"#dpkx-ulypu-tsp\",kqfgfonxcaq=\"Ctcd
    ps wsvrusd tpvs Omedx cjekguuofqxs (h.x.e. \\\"zosnzx edywtxr\\\")\",gcrcivn=\"izuyw\",librlqf=\"wwxpb\"}
    3\narhaj_bolnyn_mefjspx_code{qzotiyb=\"#qfch-ryuii-zuhin-empie-mw\",ucbiaigruol=\"Zqyl
    ob izjjkgd qklzc ynyi voebliyb myefa-BC\",thyxoho=\"mzkhm_zuxyg_ph_sysdi_guoz\",njdjvob=\"dblmy
    jyaet-ZH\"} 9\nkvxpw_grmzop_ytpcvrs_czws{ulxjeth=\"-\",mtlsefpxfhc=\"-\",zthunes=\"synemgoqv_luyiprotinq\",wgxlxhv=\"ymqi
    \U0001F916⚖️\"} 0\nzhevw_vtwiwm_wtlssfi_gjsu{dliztli=\"-\",vtvukvutaqk=\"-\",egdlcou=\"xwnlh_jykncdm_pbwpevlcyhr\",wcsycrn=\"y-g
    \U0001F916⚖️\"} 9\ncsola_fchobh_xmbmxyy_kjas{opsnzfk=\"-\",tbcqzweujow=\"-\",xqiokqi=\"rfuwpg_fmgzxmqc\",xidsfer=\"mprvlj
    \U0001F916\"} 7\nnlomy_uqhzhf_xbgnmet_fnge{mehkizp=\"-\",lituofqdwtj=\"-\",rwwshpz=\"avrebs_zfs\",ligscnx=\"ieoyes
    yti\"} 1\ndpeli_yblkro_xxlxgvs_sgkq{vpysihp=\"#grec-cayms-kmdlrafy-zbuasiwpz\",lsrnwqevmfn=\"Xdz
    vpytlxj bj rqqttgobt kzbnpcso bynmlppbdiu, xuktg irbx-rioe arafymmtu\",kihntdo=\"hwuxyskj_ssuiwqivv_vwxxaknqpqw_m1\",dbuatel=\"mvj
    ⬇️⚖️t4\"} 8\ncjjmp_bzjogl_fjkvtmp_jfir{fngqryv=\"#lcai-hqshv-xuecopbk-mvbfnrswk\",zfatdyamerw=\"OXF
    los zparemvhw anklijkx -- iotil'u mmrcsnhusmq ccdq mhny uhixzyggcpq ai kgmhlzo;
    fbq CIX fgocs ob ovqxn f nutgrm gesnukj llqnp\",pbbmirp=\"gxhsaxbb_hjj\",dlqesus=\"acz
    bnj\"} 9\nwvymo_hsswpu_pntljqf_nkun{vclcjts=\"#sonm-vswgs-sbnsntlh-wcogikgfr\",hbbzwjatwdq=\"Jpggz
    pujivcufs rxsigzr vi wfueohkrx psboz fa wwuic fdztvx oltie\",hivhikq=\"gwsqujgv_zrpfercoelt\",vyhjnrn=\"gzz
    \U0001F916⚖️\"} 8\najzxb_jtkmqu_abviagw_lzvf{hdjgafk=\"#wkkrjmuw-kzxsgvibp\",anwcemveowl=\"Alajeufh
    Mvkwutf hhfqgeyljnb bnu vnnwxe xzi des fd pt CQO.\",qfzedmz=\"gptvsqya_derrcad_ehfirzxicfp_bxqfohqhcc_acjwlrouknl\",rubukqt=\"tge
    JRD\"} 3\nglzya_qhftrc_lllphdm_tdpn{wzbztgo=\"#loobiyza-aykwdvvzp\",nxevvlrdpsy=\"Broknuli
    Pdwcdfb ipueqwueagp gwj wu c wshndl nbgarpuws ifcrihspaaqje\",hichhlf=\"bgcyvpzb_ljfujpo_nusryp_vauomfnst_ullbbtdwnbc\",jnzlwif=\"IU
    oyb\"} 2\nslmqe_ifgegi_dzvbpvw_qtfh{oiszrdk=\"#ondkvbvg-dgqbcomdl\",pyxjvyctptt=\"Mdgwgyxu
    Fmuekyd jnxmespucti yog pfcocs kuocdz urhnxjx\",rpdihqq=\"lpxlkwmv_tvyeesj_ortgml_ltxlmfm\",sgfvhys=\"Looxxb
    Oqr\"} 1\nhrvts_mlcajo_rqeqcej_lthd{zvgowzu=\"#lxmqposp-bpmpzhyht\",bigubsakpfi=\"Swnxkkrw
    Ffmxipl fuztmdjunsb dbu rggefaeyjo\",niimdhf=\"uukeicln_gdecpte_szqgzxxxtj_odsyeawsjtc\",xuvdmlh=\"DG
    smx\"} 8\nndapu_nqnoiz_mwamjox_ctad{wahxpqi=\"#sptzhvtu-qykzbemgi\",lfwkqygnoun=\"Vricummb
    Yegggvo nsvvdmivurz ifo bw kmbsi-FF kzsiapftdtqia\",pjqdepj=\"zojmwovy_tnjjywu_kviqn_mf_zyeiqxhwetr\",sidadpt=\"sldzs-JU
    fsu\"} 8\nmseac_bsrupa_nzpvmvr_nryb{bamqukj=\"#ukig-lpizx-akujy-hktqgyk\",crbtebtbpeg=\"Zfxm
    cr gpowemz Xzknw Nhlrufo\",stuwfbd=\"zpayj_fgweyzi\",pdowmuk=\"vtief_vcqcwyj\"}
    7\n# PPWI wzsdi_gppckaxxs_bcr_iwuibwjfufs Odo puinzaeoujj jijwotznog kjy ycojkdrci\n#
    QWUI kbwnr_rpowiztvi_tss_lwkszfyvopg dyuerjw\nyivzf_chrhbjfin_eem_ttqwcagplwq{}
    3\n# OYJN vymhi_svizzr_otbkdrpfo_valm_esrip Zqxvvazvp vmizbpfcl hqqc cy nqvtn
    xoh nlrg\n# NODX buxgt_ldqlou_vtfffxxsv_eard_agvuk psgvnin\nusciy_wzastt_jeyclpgsi_gnwq_qfiyd{}
    679785\n"
kind: ConfigMap
metadata:
  annotations:
    my-annotation: my-value
  labels:
    tanka.dev/environment: 8d726d264395f3aea4cb4d8b3c0b93b071ad8b115bf37810
  name: metrics-emojis
  namespace: metrics-ops-03
