apiVersion: keda.sh/v1alpha1
kind: ScaledObject
metadata:
  name: query-engine-worker
  namespace: default
spec:
  maxReplicaCount: 20
  minReplicaCount: 1
  scaleTargetRef:
    name: query-engine-worker
  triggers:
  - metadata:
      query: (100 - (min(rate(container_cpu_usage_seconds_total{cluster=~"prod-region-1",
        namespace=~"loki-prod", container="partition-ingester", pod=~"partition-ingester-a.*"}[1m]))
        / on(pod) max(rate(container_cpu_usage_seconds_total{cluster=~"prod-region-1",
        namespace=~"loki-prod", container="partition-ingester", pod=~"partition-ingester-a.*"}[1m]))[15m:]))
        and on() (up{job=~"loki-prod/rollout-operator"} > 0)) * 100
      serverAddress: http://qmoojsnjst:9090
      threshold: "50"
    type: prometheus
