---
source: crates/jrsonnet-peg-parser/src/lib.rs
expression: "parsep(\"{} { local x = 1, x: x } + {}\")"
---
BinaryOp(
    BinaryOp {
        lhs: ObjExtend(
            Obj(
                MemberList(
                    ObjMembers {
                        locals: [],
                        asserts: [],
                        fields: [],
                    },
                ),
            ) from virtual:<test>:0-2,
            MemberList(
                ObjMembers {
                    locals: [
                        Field {
                            into: Full(
                                "x",
                            ),
                            value: Num(
                                1.0,
                            ) from virtual:<test>:15-16,
                        },
                    ],
                    asserts: [],
                    fields: [
                        FieldMember {
                            name: Fixed(
                                "x",
                            ),
                            plus: false,
                            params: None,
                            visibility: Normal,
                            value: Var(
                                "x",
                            ) from virtual:<test>:21-22,
                        },
                    ],
                },
            ),
        ) from virtual:<test>:0-24,
        op: Add,
        rhs: Obj(
            MemberList(
                ObjMembers {
                    locals: [],
                    asserts: [],
                    fields: [],
                },
            ),
        ) from virtual:<test>:27-29,
    },
) from virtual:<test>:0-29
