apiVersion: v1
data:
  manifestJson1: |-
    {
        "otherField": "otherValue",
        "test": "\n"
    }
  manifestJson2: '{"otherField":"otherValue","test":"\ntest\n"}'
  manifestJson3: |-
    {
        "otherField": "otherValue,"
    }
  manifestJson4: "{\n    \"otherField\": \"\U0001F680\"\n}"
  manifestYaml1: "\"otherField\": \"otherValue\"\n\"test\": |\n  "
  manifestYaml2: "\"otherField\": \"otherValue\"\n\"test\": |\n  \n  test"
  manifestYaml3: '"otherField": "otherValue,"'
  manifestYaml4: "\"otherField\": \"\U0001F680\""
  rules.json: |-
    {
        "enabled": true,
        "rules": [
            {
                "labels": {
                    "clientId": "$3",
                    "partition": "$5",
                    "topic": "$4"
                },
                "name": "test_rule_1",
                "nested_again": [
                    {
                        "a": "c"
                    },
                    {
                        "b": "d"
                    }
                ],
                "pattern": "server<type=metrics, listener=(.+), processor=(.+)><>(.+):"
            }
        ]
    }
  rules.json.minified: '{"enabled":true,"rules":[{"labels":{"clientId":"$3","partition":"$5","topic":"$4"},"name":"test_rule_1","nested_again":[{"a":"c"},{"b":"d"}],"pattern":"server<type=metrics,
    listener=(.+), processor=(.+)><>(.+):"}]}'
  rules.yml: |-
    enabled: true
    rules:
    - labels:
        clientId: $3
        partition: $5
        topic: $4
      name: test_rule_1
      nested_again:
      - a: c
      - b: d
      pattern: "server<type=metrics, listener=(.+), processor=(.+)><>(.+):"
  rules.yml.quoted: |-
    "enabled": true
    "rules":
    - "labels":
        "clientId": "$3"
        "partition": "$5"
        "topic": "$4"
      "name": "test_rule_1"
      "nested_again":
      - "a": "c"
      - "b": "d"
      "pattern": "server<type=metrics, listener=(.+), processor=(.+)><>(.+):"
  rules.yml.quoted.indented: |-
    "enabled": true
    "rules":
      - "labels":
          "clientId": "$3"
          "partition": "$5"
          "topic": "$4"
        "name": "test_rule_1"
        "nested_again":
          - "a": "c"
          - "b": "d"
        "pattern": "server<type=metrics, listener=(.+), processor=(.+)><>(.+):"
  test: "\U0001F680"
  test2: hello,
  test3: 2025-11-03T15:00:00
  test4:
  - - value: "\U0001F6A8 Workflow `{{workflow.namespace}}/{{workflow.name}}` failed"
kind: ConfigMap
metadata:
  name: nested-yaml-config
  namespace: default
spec:
  templates:
  - name: exit-handler
    steps:
    - - arguments:
          parameters:
          - name: title
            value: "\U0001F6A8 Workflow `{{workflow.namespace}}/{{workflow.name}}`
              failed"
