apiVersion: v1
data:
  dashboards.yml: |-
    "apiVersion": 1
    "providers":
    - "allowUiUpdates": false
      "disableDeletion": true
      "editable": true
      "folder": "General"
      "folderUid": ""
      "name": "default"
      "options":
        "path": "/var/lib/grafana/dashboards"
      "orgId": 1
      "type": "file"
      "updateIntervalSeconds": 3
    - "allowUiUpdates": false
      "disableDeletion": true
      "editable": true
      "folder": "Alerting"
      "folderUid": "alerting"
      "name": "alerting"
      "options":
        "path": "/var/lib/grafana/dashboards/alerting"
      "orgId": 1
      "type": "file"
      "updateIntervalSeconds": 3
kind: ConfigMap
metadata:
  name: grafana-dashboard-provisioning
  namespace: default
