---
source: crates/jrsonnet-rowan-parser/src/tests.rs
expression: "2 2\n"
---
SOURCE_FILE@0..4
  EXPR_NUMBER@0..1
    FLOAT@0..1 "2"
  WHITESPACE@1..2 " "
  ERROR_UNEXPECTED_TOKEN@2..3
    FLOAT@2..3 "2"
  WHITESPACE@3..4 "\n"
===
LocatedSyntaxError { error: Unexpected { expected: Unnamed(EOF), found: FLOAT }, range: 2..3 }
===
  x syntax error
   ,----
 1 | 2 2
   :   |
   :   `-- expected EOF, found FLOAT
   `----
