---
source: crates/jrsonnet-rowan-parser/src/lib.rs
assertion_line: 88
expression: "a +\n"

---
Root@0..4
  BinOp@0..4
    Ident@0..2
      Ident@0..1 "a"
      Whitespace@1..2 " "
    OpPlus@2..3 "+"
    Whitespace@3..4 "\n"
===
Missing { expected: Named("value"), offset: 3 }
===
  [38;2;255;30;30m×[0m syntax error
   ╭────
 [2m1[0m │ a +
   · [38;2;246;87;248m   ▲[0m
   ·    [38;2;246;87;248m╰── [38;2;246;87;248mmissing value[0m[0m
   ╰────

