---
source: crates/jrsonnet-rowan-parser/src/tests.rs
expression: "local a =\n"
---
SOURCE_FILE@0..10
  LOCAL_KW@0..10
    LOCAL_KW@0..5 "local"
    WHITESPACE@5..6 " "
    IDENT@6..7 "a"
    WHITESPACE@7..8 " "
    ASSIGN@8..9 "="
    WHITESPACE@9..10 "\n"
===
Missing { expected: Named("value"), offset: 9 }
Missing { expected: Unnamed(SEMI), offset: 9 }
Missing { expected: Named("value"), offset: 9 }
===
  x syntax error
   ,----
 1 | local a =
   :          ^
   :          `-- missing value
   :          |`-- missing SEMI
   :          `-- missing value
   `----

