{
    "lstripChars_array": "rward",
    "lstripChars_multipleChars": "mn",
    "lstripChars_singleChar": "bcdef",
    "rstripChars_array": "cool just c",
    "rstripChars_multipleChars": "amogu",
    "rstripChars_singleChar": "nice_bo",
    "stripChars_array": " Lel Sto",
    "stripChars_arrayL": "hel medvedo svin",
    "stripChars_arrayR": "lach-vs-m",
    "stripChars_multipleChars": " sus ",
    "stripChars_multipleCharsL": "defg",
    "stripChars_multipleCharsR": "still brea",
    "stripChars_singleChar": "oper je",
    "stripChars_singleCharL": "eefoofaa",
    "stripChars_singleCharR": "lolkek"
}